traffic_light.c:11:6:fsm_traffic_light	8	static
traffic_light.c:257:6:turn_red_on	8	static
traffic_light.c:268:6:turn_yel_on	8	static
traffic_light.c:279:6:turn_grn_on	8	static
traffic_light.c:290:6:turn_on_red_grn	8	static
traffic_light.c:301:6:turn_on_red_yel	8	static
traffic_light.c:312:6:turn_on_grn_red	8	static
traffic_light.c:323:6:turn_on_yel_red	8	static
traffic_light.c:334:6:init_auto_red_grn	8	static
traffic_light.c:351:6:auto_red_grn	8	static
traffic_light.c:373:6:init_auto_red_yel	8	static
traffic_light.c:388:6:auto_red_yel	8	static
traffic_light.c:410:6:init_auto_grn_red	8	static
traffic_light.c:426:6:auto_grn_red	8	static
traffic_light.c:448:6:init_auto_yel_red	8	static
traffic_light.c:463:6:auto_yel_red	8	static
traffic_light.c:485:6:init_man_red_grn	8	static
traffic_light.c:494:6:man_red_grn	8	static
traffic_light.c:503:6:init_man_red_yel	8	static
traffic_light.c:508:6:man_red_yel	8	static
traffic_light.c:517:6:init_man_grn_red	8	static
traffic_light.c:523:6:man_grn_red	8	static
traffic_light.c:532:6:init_man_yel_red	8	static
traffic_light.c:537:6:man_yel_red	8	static
traffic_light.c:546:6:init_red_time_config	8	static
traffic_light.c:562:6:red_time_config	8	static
traffic_light.c:599:6:init_red_time_config_change	8	static
traffic_light.c:617:6:red_time_config_change	8	static
traffic_light.c:677:6:init_yel_time_config	8	static
traffic_light.c:693:6:yel_time_config	8	static
traffic_light.c:730:6:init_yel_time_config_change	8	static
traffic_light.c:748:6:yel_time_config_change	8	static
traffic_light.c:808:6:init_grn_time_config	8	static
traffic_light.c:824:6:grn_time_config	8	static
traffic_light.c:861:6:init_grn_time_config_change	8	static
traffic_light.c:879:6:grn_time_config_change	8	static
traffic_light.c:939:6:init_yel_blinky	8	static
traffic_light.c:949:6:yel_blinky	8	static
