Archive member included to satisfy reference by file (symbol)

d:/stm32 1.7/stm32cubeide_1.7.0/stm32cubeide/plugins/com.st.stm32cube.ide.mcu.externaltools.gnu-tools-for-stm32.9-2020-q2-update.win32_2.0.0.202105311346/tools/bin/../lib/gcc/arm-none-eabi/9.3.1/../../../../arm-none-eabi/lib/thumb/v7-m/nofp\libc_nano.a(lib_a-errno.o)
                              ./Core/Src/syscalls.o (__errno)
d:/stm32 1.7/stm32cubeide_1.7.0/stm32cubeide/plugins/com.st.stm32cube.ide.mcu.externaltools.gnu-tools-for-stm32.9-2020-q2-update.win32_2.0.0.202105311346/tools/bin/../lib/gcc/arm-none-eabi/9.3.1/../../../../arm-none-eabi/lib/thumb/v7-m/nofp\libc_nano.a(lib_a-exit.o)
                              d:/stm32 1.7/stm32cubeide_1.7.0/stm32cubeide/plugins/com.st.stm32cube.ide.mcu.externaltools.gnu-tools-for-stm32.9-2020-q2-update.win32_2.0.0.202105311346/tools/bin/../lib/gcc/arm-none-eabi/9.3.1/../../../../arm-none-eabi/lib/thumb/v7-m/nofp/crt0.o (exit)
d:/stm32 1.7/stm32cubeide_1.7.0/stm32cubeide/plugins/com.st.stm32cube.ide.mcu.externaltools.gnu-tools-for-stm32.9-2020-q2-update.win32_2.0.0.202105311346/tools/bin/../lib/gcc/arm-none-eabi/9.3.1/../../../../arm-none-eabi/lib/thumb/v7-m/nofp\libc_nano.a(lib_a-impure.o)
                              d:/stm32 1.7/stm32cubeide_1.7.0/stm32cubeide/plugins/com.st.stm32cube.ide.mcu.externaltools.gnu-tools-for-stm32.9-2020-q2-update.win32_2.0.0.202105311346/tools/bin/../lib/gcc/arm-none-eabi/9.3.1/../../../../arm-none-eabi/lib/thumb/v7-m/nofp\libc_nano.a(lib_a-exit.o) (_global_impure_ptr)
d:/stm32 1.7/stm32cubeide_1.7.0/stm32cubeide/plugins/com.st.stm32cube.ide.mcu.externaltools.gnu-tools-for-stm32.9-2020-q2-update.win32_2.0.0.202105311346/tools/bin/../lib/gcc/arm-none-eabi/9.3.1/../../../../arm-none-eabi/lib/thumb/v7-m/nofp\libc_nano.a(lib_a-init.o)
                              d:/stm32 1.7/stm32cubeide_1.7.0/stm32cubeide/plugins/com.st.stm32cube.ide.mcu.externaltools.gnu-tools-for-stm32.9-2020-q2-update.win32_2.0.0.202105311346/tools/bin/../lib/gcc/arm-none-eabi/9.3.1/../../../../arm-none-eabi/lib/thumb/v7-m/nofp/crt0.o (__libc_init_array)
d:/stm32 1.7/stm32cubeide_1.7.0/stm32cubeide/plugins/com.st.stm32cube.ide.mcu.externaltools.gnu-tools-for-stm32.9-2020-q2-update.win32_2.0.0.202105311346/tools/bin/../lib/gcc/arm-none-eabi/9.3.1/../../../../arm-none-eabi/lib/thumb/v7-m/nofp\libc_nano.a(lib_a-memset.o)
                              d:/stm32 1.7/stm32cubeide_1.7.0/stm32cubeide/plugins/com.st.stm32cube.ide.mcu.externaltools.gnu-tools-for-stm32.9-2020-q2-update.win32_2.0.0.202105311346/tools/bin/../lib/gcc/arm-none-eabi/9.3.1/../../../../arm-none-eabi/lib/thumb/v7-m/nofp/crt0.o (memset)

Allocating common symbols
Common symbol       size              file

timer               0x50              ./Core/Src/software_timer.o
uwTick              0x4               ./Drivers/STM32F1xx_HAL_Driver/Src/stm32f1xx_hal.o
pFlash              0x20              ./Drivers/STM32F1xx_HAL_Driver/Src/stm32f1xx_hal_flash.o
htim2               0x48              ./Core/Src/main.o

Discarded input sections

 .text          0x0000000000000000        0x0 d:/stm32 1.7/stm32cubeide_1.7.0/stm32cubeide/plugins/com.st.stm32cube.ide.mcu.externaltools.gnu-tools-for-stm32.9-2020-q2-update.win32_2.0.0.202105311346/tools/bin/../lib/gcc/arm-none-eabi/9.3.1/thumb/v7-m/nofp/crti.o
 .data          0x0000000000000000        0x0 d:/stm32 1.7/stm32cubeide_1.7.0/stm32cubeide/plugins/com.st.stm32cube.ide.mcu.externaltools.gnu-tools-for-stm32.9-2020-q2-update.win32_2.0.0.202105311346/tools/bin/../lib/gcc/arm-none-eabi/9.3.1/thumb/v7-m/nofp/crti.o
 .bss           0x0000000000000000        0x0 d:/stm32 1.7/stm32cubeide_1.7.0/stm32cubeide/plugins/com.st.stm32cube.ide.mcu.externaltools.gnu-tools-for-stm32.9-2020-q2-update.win32_2.0.0.202105311346/tools/bin/../lib/gcc/arm-none-eabi/9.3.1/thumb/v7-m/nofp/crti.o
 .data          0x0000000000000000        0x4 d:/stm32 1.7/stm32cubeide_1.7.0/stm32cubeide/plugins/com.st.stm32cube.ide.mcu.externaltools.gnu-tools-for-stm32.9-2020-q2-update.win32_2.0.0.202105311346/tools/bin/../lib/gcc/arm-none-eabi/9.3.1/thumb/v7-m/nofp/crtbegin.o
 .text          0x0000000000000000       0x7c d:/stm32 1.7/stm32cubeide_1.7.0/stm32cubeide/plugins/com.st.stm32cube.ide.mcu.externaltools.gnu-tools-for-stm32.9-2020-q2-update.win32_2.0.0.202105311346/tools/bin/../lib/gcc/arm-none-eabi/9.3.1/../../../../arm-none-eabi/lib/thumb/v7-m/nofp/crt0.o
 .data          0x0000000000000000        0x0 d:/stm32 1.7/stm32cubeide_1.7.0/stm32cubeide/plugins/com.st.stm32cube.ide.mcu.externaltools.gnu-tools-for-stm32.9-2020-q2-update.win32_2.0.0.202105311346/tools/bin/../lib/gcc/arm-none-eabi/9.3.1/../../../../arm-none-eabi/lib/thumb/v7-m/nofp/crt0.o
 .bss           0x0000000000000000        0x0 d:/stm32 1.7/stm32cubeide_1.7.0/stm32cubeide/plugins/com.st.stm32cube.ide.mcu.externaltools.gnu-tools-for-stm32.9-2020-q2-update.win32_2.0.0.202105311346/tools/bin/../lib/gcc/arm-none-eabi/9.3.1/../../../../arm-none-eabi/lib/thumb/v7-m/nofp/crt0.o
[...]
Memory Configuration

Name             Origin             Length             Attributes
RAM              0x0000000020000000 0x0000000000002800 xrw
FLASH            0x0000000008000000 0x0000000000008000 xr
*default*        0x0000000000000000 0xffffffffffffffff

Linker script and memory map

LOAD d:/stm32 1.7/stm32cubeide_1.7.0/stm32cubeide/plugins/com.st.stm32cube.ide.mcu.externaltools.gnu-tools-for-stm32.9-2020-q2-update.win32_2.0.0.202105311346/tools/bin/../lib/gcc/arm-none-eabi/9.3.1/thumb/v7-m/nofp/crti.o
LOAD d:/stm32 1.7/stm32cubeide_1.7.0/stm32cubeide/plugins/com.st.stm32cube.ide.mcu.externaltools.gnu-tools-for-stm32.9-2020-q2-update.win32_2.0.0.202105311346/tools/bin/../lib/gcc/arm-none-eabi/9.3.1/thumb/v7-m/nofp/crtbegin.o
LOAD d:/stm32 1.7/stm32cubeide_1.7.0/stm32cubeide/plugins/com.st.stm32cube.ide.mcu.externaltools.gnu-tools-for-stm32.9-2020-q2-update.win32_2.0.0.202105311346/tools/bin/../lib/gcc/arm-none-eabi/9.3.1/../../../../arm-none-eabi/lib/thumb/v7-m/nofp/crt0.o
LOAD ./Core/Src/button.o
LOAD ./Core/Src/common.o
LOAD ./Core/Src/led_7_segment.o
LOAD ./Core/Src/main.o
LOAD ./Core/Src/software_timer.o
LOAD ./Core/Src/stm32f1xx_hal_msp.o
LOAD ./Core/Src/stm32f1xx_it.o
LOAD ./Core/Src/syscalls.o
LOAD ./Core/Src/sysmem.o
LOAD ./Core/Src/system_stm32f1xx.o
LOAD ./Core/Src/traffic_light.o
LOAD ./Core/Startup/startup_stm32f103c6ux.o
LOAD ./Drivers/STM32F1xx_HAL_Driver/Src/stm32f1xx_hal.o
LOAD ./Drivers/STM32F1xx_HAL_Driver/Src/stm32f1xx_hal_cortex.o
LOAD ./Drivers/STM32F1xx_HAL_Driver/Src/stm32f1xx_hal_dma.o
LOAD ./Drivers/STM32F1xx_HAL_Driver/Src/stm32f1xx_hal_exti.o
LOAD ./Drivers/STM32F1xx_HAL_Driver/Src/stm32f1xx_hal_flash.o
LOAD ./Drivers/STM32F1xx_HAL_Driver/Src/stm32f1xx_hal_flash_ex.o
LOAD ./Drivers/STM32F1xx_HAL_Driver/Src/stm32f1xx_hal_gpio.o
LOAD ./Drivers/STM32F1xx_HAL_Driver/Src/stm32f1xx_hal_gpio_ex.o
LOAD ./Drivers/STM32F1xx_HAL_Driver/Src/stm32f1xx_hal_pwr.o
LOAD ./Drivers/STM32F1xx_HAL_Driver/Src/stm32f1xx_hal_rcc.o
LOAD ./Drivers/STM32F1xx_HAL_Driver/Src/stm32f1xx_hal_rcc_ex.o
LOAD ./Drivers/STM32F1xx_HAL_Driver/Src/stm32f1xx_hal_tim.o
LOAD ./Drivers/STM32F1xx_HAL_Driver/Src/stm32f1xx_hal_tim_ex.o
START GROUP
LOAD d:/stm32 1.7/stm32cubeide_1.7.0/stm32cubeide/plugins/com.st.stm32cube.ide.mcu.externaltools.gnu-tools-for-stm32.9-2020-q2-update.win32_2.0.0.202105311346/tools/bin/../lib/gcc/arm-none-eabi/9.3.1/../../../../arm-none-eabi/lib/thumb/v7-m/nofp\libc_nano.a
LOAD d:/stm32 1.7/stm32cubeide_1.7.0/stm32cubeide/plugins/com.st.stm32cube.ide.mcu.externaltools.gnu-tools-for-stm32.9-2020-q2-update.win32_2.0.0.202105311346/tools/bin/../lib/gcc/arm-none-eabi/9.3.1/../../../../arm-none-eabi/lib/thumb/v7-m/nofp\libm.a
END GROUP
START GROUP
LOAD d:/stm32 1.7/stm32cubeide_1.7.0/stm32cubeide/plugins/com.st.stm32cube.ide.mcu.externaltools.gnu-tools-for-stm32.9-2020-q2-update.win32_2.0.0.202105311346/tools/bin/../lib/gcc/arm-none-eabi/9.3.1/thumb/v7-m/nofp\libgcc.a
LOAD d:/stm32 1.7/stm32cubeide_1.7.0/stm32cubeide/plugins/com.st.stm32cube.ide.mcu.externaltools.gnu-tools-for-stm32.9-2020-q2-update.win32_2.0.0.202105311346/tools/bin/../lib/gcc/arm-none-eabi/9.3.1/../../../../arm-none-eabi/lib/thumb/v7-m/nofp\libc_nano.a
END GROUP
START GROUP
LOAD d:/stm32 1.7/stm32cubeide_1.7.0/stm32cubeide/plugins/com.st.stm32cube.ide.mcu.externaltools.gnu-tools-for-stm32.9-2020-q2-update.win32_2.0.0.202105311346/tools/bin/../lib/gcc/arm-none-eabi/9.3.1/thumb/v7-m/nofp\libgcc.a
LOAD d:/stm32 1.7/stm32cubeide_1.7.0/stm32cubeide/plugins/com.st.stm32cube.ide.mcu.externaltools.gnu-tools-for-stm32.9-2020-q2-update.win32_2.0.0.202105311346/tools/bin/../lib/gcc/arm-none-eabi/9.3.1/../../../../arm-none-eabi/lib/thumb/v7-m/nofp\libc_nano.a
LOAD d:/stm32 1.7/stm32cubeide_1.7.0/stm32cubeide/plugins/com.st.stm32cube.ide.mcu.externaltools.gnu-tools-for-stm32.9-2020-q2-update.win32_2.0.0.202105311346/tools/bin/../lib/gcc/arm-none-eabi/9.3.1/../../../../arm-none-eabi/lib/thumb/v7-m/nofp\libnosys.a
END GROUP
START GROUP
LOAD d:/stm32 1.7/stm32cubeide_1.7.0/stm32cubeide/plugins/com.st.stm32cube.ide.mcu.externaltools.gnu-tools-for-stm32.9-2020-q2-update.win32_2.0.0.202105311346/tools/bin/../lib/gcc/arm-none-eabi/9.3.1/thumb/v7-m/nofp\libgcc.a
LOAD d:/stm32 1.7/stm32cubeide_1.7.0/stm32cubeide/plugins/com.st.stm32cube.ide.mcu.externaltools.gnu-tools-for-stm32.9-2020-q2-update.win32_2.0.0.202105311346/tools/bin/../lib/gcc/arm-none-eabi/9.3.1/../../../../arm-none-eabi/lib/thumb/v7-m/nofp\libc_nano.a
LOAD d:/stm32 1.7/stm32cubeide_1.7.0/stm32cubeide/plugins/com.st.stm32cube.ide.mcu.externaltools.gnu-tools-for-stm32.9-2020-q2-update.win32_2.0.0.202105311346/tools/bin/../lib/gcc/arm-none-eabi/9.3.1/../../../../arm-none-eabi/lib/thumb/v7-m/nofp\libnosys.a
END GROUP
LOAD d:/stm32 1.7/stm32cubeide_1.7.0/stm32cubeide/plugins/com.st.stm32cube.ide.mcu.externaltools.gnu-tools-for-stm32.9-2020-q2-update.win32_2.0.0.202105311346/tools/bin/../lib/gcc/arm-none-eabi/9.3.1/thumb/v7-m/nofp/crtend.o
LOAD d:/stm32 1.7/stm32cubeide_1.7.0/stm32cubeide/plugins/com.st.stm32cube.ide.mcu.externaltools.gnu-tools-for-stm32.9-2020-q2-update.win32_2.0.0.202105311346/tools/bin/../lib/gcc/arm-none-eabi/9.3.1/thumb/v7-m/nofp/crtn.o
                0x0000000020002800                _estack = (ORIGIN (RAM) + LENGTH (RAM))
                0x0000000000000200                _Min_Heap_Size = 0x200
                0x0000000000000400                _Min_Stack_Size = 0x400

.isr_vector     0x0000000008000000      0x10c
                0x0000000008000000                . = ALIGN (0x4)
 *(.isr_vector)
 .isr_vector    0x0000000008000000      0x10c ./Core/Startup/startup_stm32f103c6ux.o
                0x0000000008000000                g_pfnVectors
                0x000000000800010c                . = ALIGN (0x4)

.text           0x000000000800010c     0x34bc
                0x000000000800010c                . = ALIGN (0x4)
 *(.text)
 .text          0x000000000800010c       0x40 d:/stm32 1.7/stm32cubeide_1.7.0/stm32cubeide/plugins/com.st.stm32cube.ide.mcu.externaltools.gnu-tools-for-stm32.9-2020-q2-update.win32_2.0.0.202105311346/tools/bin/../lib/gcc/arm-none-eabi/9.3.1/thumb/v7-m/nofp/crtbegin.o
 *(.text*)
 .text.getKeyInput
                0x000000000800014c       0xa0 ./Core/Src/button.o
                0x000000000800014c                getKeyInput
 .text.isButtonPressed
                0x00000000080001ec       0x26 ./Core/Src/button.o
                0x00000000080001ec                isButtonPressed
 .text.isButtonLongPressed
                0x0000000008000212       0x26 ./Core/Src/button.o
                0x0000000008000212                isButtonLongPressed
 .text.resetButton
                0x0000000008000238       0x1e ./Core/Src/button.o
                0x0000000008000238                resetButton
 *fill*         0x0000000008000256        0x2 
 .text.set_on_4digits
                0x0000000008000258       0x28 ./Core/Src/led_7_segment.o
                0x0000000008000258                set_on_4digits
 .text.unable_4digit
                0x0000000008000280       0x3c ./Core/Src/led_7_segment.o
                0x0000000008000280                unable_4digit
 .text.display_4digits
                0x00000000080002bc       0x80 ./Core/Src/led_7_segment.o
                0x00000000080002bc                display_4digits
 .text.update_led_7seg_buffer
                0x000000000800033c       0xac ./Core/Src/led_7_segment.o
                0x000000000800033c                update_led_7seg_buffer
 .text.display_a_digit
                0x00000000080003e8       0x22 ./Core/Src/led_7_segment.o
                0x00000000080003e8                display_a_digit
 *fill*         0x000000000800040a        0x2 
 .text.display_number
                0x000000000800040c      0x3d8 ./Core/Src/led_7_segment.o
                0x000000000800040c                display_number
 .text.enable_digit
                0x00000000080007e4       0xfc ./Core/Src/led_7_segment.o
                0x00000000080007e4                enable_digit
 .text.main     0x00000000080008e0       0x8c ./Core/Src/main.o
                0x00000000080008e0                main
 .text.SystemClock_Config
                0x000000000800096c       0x76 ./Core/Src/main.o
                0x000000000800096c                SystemClock_Config
 *fill*         0x00000000080009e2        0x2 
 .text.MX_TIM2_Init
                0x00000000080009e4       0x98 ./Core/Src/main.o
 .text.MX_GPIO_Init
                0x0000000008000a7c       0xc8 ./Core/Src/main.o
 .text.HAL_TIM_PeriodElapsedCallback
                0x0000000008000b44       0x14 ./Core/Src/main.o
                0x0000000008000b44                HAL_TIM_PeriodElapsedCallback
 .text.Error_Handler
                0x0000000008000b58        0xa ./Core/Src/main.o
                0x0000000008000b58                Error_Handler
 *fill*         0x0000000008000b62        0x2 
 .text.setTimer
                0x0000000008000b64       0x30 ./Core/Src/software_timer.o
                0x0000000008000b64                setTimer
 .text.timerRun
                0x0000000008000b94       0x60 ./Core/Src/software_timer.o
                0x0000000008000b94                timerRun
 .text.isFlag   0x0000000008000bf4       0x2c ./Core/Src/software_timer.o
                0x0000000008000bf4                isFlag
 .text.HAL_MspInit
                0x0000000008000c20       0x64 ./Core/Src/stm32f1xx_hal_msp.o
                0x0000000008000c20                HAL_MspInit
 .text.HAL_TIM_Base_MspInit
                0x0000000008000c84       0x48 ./Core/Src/stm32f1xx_hal_msp.o
                0x0000000008000c84                HAL_TIM_Base_MspInit
 .text.NMI_Handler
                0x0000000008000ccc        0x6 ./Core/Src/stm32f1xx_it.o
                0x0000000008000ccc                NMI_Handler
 .text.HardFault_Handler
                0x0000000008000cd2        0x6 ./Core/Src/stm32f1xx_it.o
                0x0000000008000cd2                HardFault_Handler
 .text.MemManage_Handler
                0x0000000008000cd8        0x6 ./Core/Src/stm32f1xx_it.o
                0x0000000008000cd8                MemManage_Handler
 .text.BusFault_Handler
                0x0000000008000cde        0x6 ./Core/Src/stm32f1xx_it.o
                0x0000000008000cde                BusFault_Handler
 .text.UsageFault_Handler
                0x0000000008000ce4        0x6 ./Core/Src/stm32f1xx_it.o
                0x0000000008000ce4                UsageFault_Handler
 .text.SVC_Handler
                0x0000000008000cea        0xc ./Core/Src/stm32f1xx_it.o
                0x0000000008000cea                SVC_Handler
 .text.DebugMon_Handler
                0x0000000008000cf6        0xc ./Core/Src/stm32f1xx_it.o
                0x0000000008000cf6                DebugMon_Handler
 .text.PendSV_Handler
                0x0000000008000d02        0xc ./Core/Src/stm32f1xx_it.o
                0x0000000008000d02                PendSV_Handler
 .text.SysTick_Handler
                0x0000000008000d0e        0xc ./Core/Src/stm32f1xx_it.o
                0x0000000008000d0e                SysTick_Handler
 *fill*         0x0000000008000d1a        0x2 
 .text.TIM2_IRQHandler
                0x0000000008000d1c       0x14 ./Core/Src/stm32f1xx_it.o
                0x0000000008000d1c                TIM2_IRQHandler
 .text.SystemInit
                0x0000000008000d30        0xc ./Core/Src/system_stm32f1xx.o
                0x0000000008000d30                SystemInit
 .text.fsm_traffic_light
                0x0000000008000d3c      0x44c ./Core/Src/traffic_light.o
                0x0000000008000d3c                fsm_traffic_light
 .text.turn_red_on
                0x0000000008001188       0x4c ./Core/Src/traffic_light.o
                0x0000000008001188                turn_red_on
 .text.turn_yel_on
                0x00000000080011d4       0x4c ./Core/Src/traffic_light.o
                0x00000000080011d4                turn_yel_on
 .text.turn_grn_on
                0x0000000008001220       0x4c ./Core/Src/traffic_light.o
                0x0000000008001220                turn_grn_on
 .text.turn_on_red_grn
                0x000000000800126c       0x4c ./Core/Src/traffic_light.o
                0x000000000800126c                turn_on_red_grn
 .text.turn_on_red_yel
                0x00000000080012b8       0x4c ./Core/Src/traffic_light.o
                0x00000000080012b8                turn_on_red_yel
 .text.turn_on_grn_red
                0x0000000008001304       0x4c ./Core/Src/traffic_light.o
                0x0000000008001304                turn_on_grn_red
 .text.turn_on_yel_red
                0x0000000008001350       0x4c ./Core/Src/traffic_light.o
                0x0000000008001350                turn_on_yel_red
 .text.init_auto_red_grn
                0x000000000800139c       0x74 ./Core/Src/traffic_light.o
                0x000000000800139c                init_auto_red_grn
 .text.auto_red_grn
                0x0000000008001410       0x5c ./Core/Src/traffic_light.o
                0x0000000008001410                auto_red_grn
 .text.init_auto_red_yel
                0x000000000800146c       0x68 ./Core/Src/traffic_light.o
                0x000000000800146c                init_auto_red_yel
 .text.auto_red_yel
                0x00000000080014d4       0x5c ./Core/Src/traffic_light.o
                0x00000000080014d4                auto_red_yel
 .text.init_auto_grn_red
                0x0000000008001530       0x74 ./Core/Src/traffic_light.o
                0x0000000008001530                init_auto_grn_red
 .text.auto_grn_red
                0x00000000080015a4       0x5c ./Core/Src/traffic_light.o
                0x00000000080015a4                auto_grn_red
 .text.init_auto_yel_red
                0x0000000008001600       0x68 ./Core/Src/traffic_light.o
                0x0000000008001600                init_auto_yel_red
 .text.auto_yel_red
                0x0000000008001668       0x5c ./Core/Src/traffic_light.o
                0x0000000008001668                auto_yel_red
 .text.init_man_red_grn
                0x00000000080016c4       0x24 ./Core/Src/traffic_light.o
                0x00000000080016c4                init_man_red_grn
 .text.man_red_grn
                0x00000000080016e8       0x10 ./Core/Src/traffic_light.o
                0x00000000080016e8                man_red_grn
 .text.init_man_red_yel
                0x00000000080016f8       0x20 ./Core/Src/traffic_light.o
                0x00000000080016f8                init_man_red_yel
 .text.man_red_yel
                0x0000000008001718       0x10 ./Core/Src/traffic_light.o
                0x0000000008001718                man_red_yel
 .text.init_man_grn_red
                0x0000000008001728       0x1c ./Core/Src/traffic_light.o
                0x0000000008001728                init_man_grn_red
 .text.man_grn_red
                0x0000000008001744       0x10 ./Core/Src/traffic_light.o
                0x0000000008001744                man_grn_red
 .text.init_man_yel_red
                0x0000000008001754       0x20 ./Core/Src/traffic_light.o
                0x0000000008001754                init_man_yel_red
 .text.man_yel_red
                0x0000000008001774       0x10 ./Core/Src/traffic_light.o
                0x0000000008001774                man_yel_red
 .text.init_red_time_config
                0x0000000008001784       0x54 ./Core/Src/traffic_light.o
                0x0000000008001784                init_red_time_config
 .text.red_time_config
                0x00000000080017d8       0xa8 ./Core/Src/traffic_light.o
                0x00000000080017d8                red_time_config
 .text.init_red_time_config_change
                0x0000000008001880       0x5c ./Core/Src/traffic_light.o
                0x0000000008001880                init_red_time_config_change
 .text.red_time_config_change
                0x00000000080018dc      0x120 ./Core/Src/traffic_light.o
                0x00000000080018dc                red_time_config_change
 .text.init_yel_time_config
                0x00000000080019fc       0x54 ./Core/Src/traffic_light.o
                0x00000000080019fc                init_yel_time_config
 .text.yel_time_config
                0x0000000008001a50       0xa8 ./Core/Src/traffic_light.o
                0x0000000008001a50                yel_time_config
 .text.init_yel_time_config_change
                0x0000000008001af8       0x5c ./Core/Src/traffic_light.o
                0x0000000008001af8                init_yel_time_config_change
 .text.yel_time_config_change
                0x0000000008001b54      0x120 ./Core/Src/traffic_light.o
                0x0000000008001b54                yel_time_config_change
 .text.init_grn_time_config
                0x0000000008001c74       0x54 ./Core/Src/traffic_light.o
                0x0000000008001c74                init_grn_time_config
 .text.grn_time_config
                0x0000000008001cc8       0xa8 ./Core/Src/traffic_light.o
                0x0000000008001cc8                grn_time_config
 .text.init_grn_time_config_change
                0x0000000008001d70       0x5c ./Core/Src/traffic_light.o
                0x0000000008001d70                init_grn_time_config_change
 .text.grn_time_config_change
                0x0000000008001dcc      0x114 ./Core/Src/traffic_light.o
                0x0000000008001dcc                grn_time_config_change
 .text.init_yel_blinky
                0x0000000008001ee0       0x24 ./Core/Src/traffic_light.o
                0x0000000008001ee0                init_yel_blinky
 .text.yel_blinky
                0x0000000008001f04       0x34 ./Core/Src/traffic_light.o
                0x0000000008001f04                yel_blinky
 .text.Reset_Handler
                0x0000000008001f38       0x48 ./Core/Startup/startup_stm32f103c6ux.o
                0x0000000008001f38                Reset_Handler
 .text.Default_Handler
                0x0000000008001f80        0x2 ./Core/Startup/startup_stm32f103c6ux.o
                0x0000000008001f80                RTC_Alarm_IRQHandler
                0x0000000008001f80                EXTI2_IRQHandler
                0x0000000008001f80                TIM1_CC_IRQHandler
                0x0000000008001f80                PVD_IRQHandler
                0x0000000008001f80                EXTI3_IRQHandler
                0x0000000008001f80                EXTI0_IRQHandler
                0x0000000008001f80                ADC1_2_IRQHandler
                0x0000000008001f80                SPI1_IRQHandler
                0x0000000008001f80                TAMPER_IRQHandler
                0x0000000008001f80                DMA1_Channel4_IRQHandler
                0x0000000008001f80                RTC_IRQHandler
                0x0000000008001f80                DMA1_Channel7_IRQHandler
                0x0000000008001f80                CAN1_RX1_IRQHandler
                0x0000000008001f80                I2C1_EV_IRQHandler
                0x0000000008001f80                DMA1_Channel6_IRQHandler
                0x0000000008001f80                TIM3_IRQHandler
                0x0000000008001f80                RCC_IRQHandler
                0x0000000008001f80                TIM1_TRG_COM_IRQHandler
                0x0000000008001f80                DMA1_Channel1_IRQHandler
                0x0000000008001f80                Default_Handler
                0x0000000008001f80                EXTI15_10_IRQHandler
                0x0000000008001f80                EXTI9_5_IRQHandler
                0x0000000008001f80                DMA1_Channel5_IRQHandler
                0x0000000008001f80                EXTI4_IRQHandler
                0x0000000008001f80                USB_LP_CAN1_RX0_IRQHandler
                0x0000000008001f80                USB_HP_CAN1_TX_IRQHandler
                0x0000000008001f80                DMA1_Channel3_IRQHandler
                0x0000000008001f80                TIM1_UP_IRQHandler
                0x0000000008001f80                WWDG_IRQHandler
                0x0000000008001f80                TIM1_BRK_IRQHandler
                0x0000000008001f80                EXTI1_IRQHandler
                0x0000000008001f80                USART2_IRQHandler
                0x0000000008001f80                DMA1_Channel2_IRQHandler
                0x0000000008001f80                CAN1_SCE_IRQHandler
                0x0000000008001f80                FLASH_IRQHandler
                0x0000000008001f80                USART1_IRQHandler
                0x0000000008001f80                I2C1_ER_IRQHandler
                0x0000000008001f80                USBWakeUp_IRQHandler
 *fill*         0x0000000008001f82        0x2 
 .text.HAL_Init
                0x0000000008001f84       0x2c ./Drivers/STM32F1xx_HAL_Driver/Src/stm32f1xx_hal.o
                0x0000000008001f84                HAL_Init
 .text.HAL_InitTick
                0x0000000008001fb0       0x60 ./Drivers/STM32F1xx_HAL_Driver/Src/stm32f1xx_hal.o
                0x0000000008001fb0                HAL_InitTick
 .text.HAL_IncTick
                0x0000000008002010       0x24 ./Drivers/STM32F1xx_HAL_Driver/Src/stm32f1xx_hal.o
                0x0000000008002010                HAL_IncTick
 .text.HAL_GetTick
                0x0000000008002034       0x14 ./Drivers/STM32F1xx_HAL_Driver/Src/stm32f1xx_hal.o
                0x0000000008002034                HAL_GetTick
 .text.__NVIC_SetPriorityGrouping
                0x0000000008002048       0x48 ./Drivers/STM32F1xx_HAL_Driver/Src/stm32f1xx_hal_cortex.o
 .text.__NVIC_GetPriorityGrouping
                0x0000000008002090       0x1c ./Drivers/STM32F1xx_HAL_Driver/Src/stm32f1xx_hal_cortex.o
 .text.__NVIC_EnableIRQ
                0x00000000080020ac       0x38 ./Drivers/STM32F1xx_HAL_Driver/Src/stm32f1xx_hal_cortex.o
 .text.__NVIC_SetPriority
                0x00000000080020e4       0x54 ./Drivers/STM32F1xx_HAL_Driver/Src/stm32f1xx_hal_cortex.o
 .text.NVIC_EncodePriority
                0x0000000008002138       0x64 ./Drivers/STM32F1xx_HAL_Driver/Src/stm32f1xx_hal_cortex.o
 .text.SysTick_Config
                0x000000000800219c       0x44 ./Drivers/STM32F1xx_HAL_Driver/Src/stm32f1xx_hal_cortex.o
 .text.HAL_NVIC_SetPriorityGrouping
                0x00000000080021e0       0x16 ./Drivers/STM32F1xx_HAL_Driver/Src/stm32f1xx_hal_cortex.o
                0x00000000080021e0                HAL_NVIC_SetPriorityGrouping
 .text.HAL_NVIC_SetPriority
                0x00000000080021f6       0x38 ./Drivers/STM32F1xx_HAL_Driver/Src/stm32f1xx_hal_cortex.o
                0x00000000080021f6                HAL_NVIC_SetPriority
 .text.HAL_NVIC_EnableIRQ
                0x000000000800222e       0x1c ./Drivers/STM32F1xx_HAL_Driver/Src/stm32f1xx_hal_cortex.o
                0x000000000800222e                HAL_NVIC_EnableIRQ
 .text.HAL_SYSTICK_Config
                0x000000000800224a       0x18 ./Drivers/STM32F1xx_HAL_Driver/Src/stm32f1xx_hal_cortex.o
                0x000000000800224a                HAL_SYSTICK_Config
 *fill*         0x0000000008002262        0x2 
 .text.HAL_GPIO_Init
                0x0000000008002264      0x2f4 ./Drivers/STM32F1xx_HAL_Driver/Src/stm32f1xx_hal_gpio.o
                0x0000000008002264                HAL_GPIO_Init
 .text.HAL_GPIO_ReadPin
                0x0000000008002558       0x2e ./Drivers/STM32F1xx_HAL_Driver/Src/stm32f1xx_hal_gpio.o
                0x0000000008002558                HAL_GPIO_ReadPin
 .text.HAL_GPIO_WritePin
                0x0000000008002586       0x30 ./Drivers/STM32F1xx_HAL_Driver/Src/stm32f1xx_hal_gpio.o
                0x0000000008002586                HAL_GPIO_WritePin
 .text.HAL_GPIO_TogglePin
                0x00000000080025b6       0x32 ./Drivers/STM32F1xx_HAL_Driver/Src/stm32f1xx_hal_gpio.o
                0x00000000080025b6                HAL_GPIO_TogglePin
 .text.HAL_RCC_OscConfig
                0x00000000080025e8      0x500 ./Drivers/STM32F1xx_HAL_Driver/Src/stm32f1xx_hal_rcc.o
                0x00000000080025e8                HAL_RCC_OscConfig
 .text.HAL_RCC_ClockConfig
                0x0000000008002ae8      0x1d4 ./Drivers/STM32F1xx_HAL_Driver/Src/stm32f1xx_hal_rcc.o
                0x0000000008002ae8                HAL_RCC_ClockConfig
 .text.HAL_RCC_GetSysClockFreq
                0x0000000008002cbc       0xa8 ./Drivers/STM32F1xx_HAL_Driver/Src/stm32f1xx_hal_rcc.o
                0x0000000008002cbc                HAL_RCC_GetSysClockFreq
 .text.RCC_Delay
                0x0000000008002d64       0x3c ./Drivers/STM32F1xx_HAL_Driver/Src/stm32f1xx_hal_rcc.o
 .text.HAL_TIM_Base_Init
                0x0000000008002da0       0x9e ./Drivers/STM32F1xx_HAL_Driver/Src/stm32f1xx_hal_tim.o
                0x0000000008002da0                HAL_TIM_Base_Init
 *fill*         0x0000000008002e3e        0x2 
 .text.HAL_TIM_Base_Start_IT
                0x0000000008002e40       0x98 ./Drivers/STM32F1xx_HAL_Driver/Src/stm32f1xx_hal_tim.o
                0x0000000008002e40                HAL_TIM_Base_Start_IT
 .text.HAL_TIM_IRQHandler
                0x0000000008002ed8      0x1e0 ./Drivers/STM32F1xx_HAL_Driver/Src/stm32f1xx_hal_tim.o
                0x0000000008002ed8                HAL_TIM_IRQHandler
 .text.HAL_TIM_ConfigClockSource
                0x00000000080030b8      0x18e ./Drivers/STM32F1xx_HAL_Driver/Src/stm32f1xx_hal_tim.o
                0x00000000080030b8                HAL_TIM_ConfigClockSource
 .text.HAL_TIM_OC_DelayElapsedCallback
                0x0000000008003246       0x12 ./Drivers/STM32F1xx_HAL_Driver/Src/stm32f1xx_hal_tim.o
                0x0000000008003246                HAL_TIM_OC_DelayElapsedCallback
 .text.HAL_TIM_IC_CaptureCallback
                0x0000000008003258       0x12 ./Drivers/STM32F1xx_HAL_Driver/Src/stm32f1xx_hal_tim.o
                0x0000000008003258                HAL_TIM_IC_CaptureCallback
 .text.HAL_TIM_PWM_PulseFinishedCallback
                0x000000000800326a       0x12 ./Drivers/STM32F1xx_HAL_Driver/Src/stm32f1xx_hal_tim.o
                0x000000000800326a                HAL_TIM_PWM_PulseFinishedCallback
 .text.HAL_TIM_TriggerCallback
                0x000000000800327c       0x12 ./Drivers/STM32F1xx_HAL_Driver/Src/stm32f1xx_hal_tim.o
                0x000000000800327c                HAL_TIM_TriggerCallback
 *fill*         0x000000000800328e        0x2 
 .text.TIM_Base_SetConfig
                0x0000000008003290       0xc8 ./Drivers/STM32F1xx_HAL_Driver/Src/stm32f1xx_hal_tim.o
                0x0000000008003290                TIM_Base_SetConfig
 .text.TIM_TI1_ConfigInputStage
                0x0000000008003358       0x5c ./Drivers/STM32F1xx_HAL_Driver/Src/stm32f1xx_hal_tim.o
 .text.TIM_TI2_ConfigInputStage
                0x00000000080033b4       0x5e ./Drivers/STM32F1xx_HAL_Driver/Src/stm32f1xx_hal_tim.o
 .text.TIM_ITRx_SetConfig
                0x0000000008003412       0x34 ./Drivers/STM32F1xx_HAL_Driver/Src/stm32f1xx_hal_tim.o
 .text.TIM_ETR_SetConfig
                0x0000000008003446       0x3e ./Drivers/STM32F1xx_HAL_Driver/Src/stm32f1xx_hal_tim.o
                0x0000000008003446                TIM_ETR_SetConfig
 .text.HAL_TIMEx_MasterConfigSynchronization
                0x0000000008003484       0xb0 ./Drivers/STM32F1xx_HAL_Driver/Src/stm32f1xx_hal_tim_ex.o
                0x0000000008003484                HAL_TIMEx_MasterConfigSynchronization
 .text.HAL_TIMEx_CommutCallback
                0x0000000008003534       0x12 ./Drivers/STM32F1xx_HAL_Driver/Src/stm32f1xx_hal_tim_ex.o
                0x0000000008003534                HAL_TIMEx_CommutCallback
 .text.HAL_TIMEx_BreakCallback
                0x0000000008003546       0x12 ./Drivers/STM32F1xx_HAL_Driver/Src/stm32f1xx_hal_tim_ex.o
                0x0000000008003546                HAL_TIMEx_BreakCallback
 .text.__libc_init_array
                0x0000000008003558       0x48 d:/stm32 1.7/stm32cubeide_1.7.0/stm32cubeide/plugins/com.st.stm32cube.ide.mcu.externaltools.gnu-tools-for-stm32.9-2020-q2-update.win32_2.0.0.202105311346/tools/bin/../lib/gcc/arm-none-eabi/9.3.1/../../../../arm-none-eabi/lib/thumb/v7-m/nofp\libc_nano.a(lib_a-init.o)
                0x0000000008003558                __libc_init_array
 .text.memset   0x00000000080035a0       0x10 d:/stm32 1.7/stm32cubeide_1.7.0/stm32cubeide/plugins/com.st.stm32cube.ide.mcu.externaltools.gnu-tools-for-stm32.9-2020-q2-update.win32_2.0.0.202105311346/tools/bin/../lib/gcc/arm-none-eabi/9.3.1/../../../../arm-none-eabi/lib/thumb/v7-m/nofp\libc_nano.a(lib_a-memset.o)
                0x00000000080035a0                memset
 *(.glue_7)
 .glue_7        0x00000000080035b0        0x0 linker stubs
 *(.glue_7t)
 .glue_7t       0x00000000080035b0        0x0 linker stubs
 *(.eh_frame)
 .eh_frame      0x00000000080035b0        0x0 d:/stm32 1.7/stm32cubeide_1.7.0/stm32cubeide/plugins/com.st.stm32cube.ide.mcu.externaltools.gnu-tools-for-stm32.9-2020-q2-update.win32_2.0.0.202105311346/tools/bin/../lib/gcc/arm-none-eabi/9.3.1/thumb/v7-m/nofp/crtbegin.o
 *(.init)
 .init          0x00000000080035b0        0x4 d:/stm32 1.7/stm32cubeide_1.7.0/stm32cubeide/plugins/com.st.stm32cube.ide.mcu.externaltools.gnu-tools-for-stm32.9-2020-q2-update.win32_2.0.0.202105311346/tools/bin/../lib/gcc/arm-none-eabi/9.3.1/thumb/v7-m/nofp/crti.o
                0x00000000080035b0                _init
 .init          0x00000000080035b4        0x8 d:/stm32 1.7/stm32cubeide_1.7.0/stm32cubeide/plugins/com.st.stm32cube.ide.mcu.externaltools.gnu-tools-for-stm32.9-2020-q2-update.win32_2.0.0.202105311346/tools/bin/../lib/gcc/arm-none-eabi/9.3.1/thumb/v7-m/nofp/crtn.o
 *(.fini)
 .fini          0x00000000080035bc        0x4 d:/stm32 1.7/stm32cubeide_1.7.0/stm32cubeide/plugins/com.st.stm32cube.ide.mcu.externaltools.gnu-tools-for-stm32.9-2020-q2-update.win32_2.0.0.202105311346/tools/bin/../lib/gcc/arm-none-eabi/9.3.1/thumb/v7-m/nofp/crti.o
                0x00000000080035bc                _fini
 .fini          0x00000000080035c0        0x8 d:/stm32 1.7/stm32cubeide_1.7.0/stm32cubeide/plugins/com.st.stm32cube.ide.mcu.externaltools.gnu-tools-for-stm32.9-2020-q2-update.win32_2.0.0.202105311346/tools/bin/../lib/gcc/arm-none-eabi/9.3.1/thumb/v7-m/nofp/crtn.o
                0x00000000080035c8                . = ALIGN (0x4)
                0x00000000080035c8                _etext = .

.vfp11_veneer   0x00000000080035c8        0x0
 .vfp11_veneer  0x00000000080035c8        0x0 linker stubs

.v4_bx          0x00000000080035c8        0x0
 .v4_bx         0x00000000080035c8        0x0 linker stubs

.iplt           0x00000000080035c8        0x0
 .iplt          0x00000000080035c8        0x0 d:/stm32 1.7/stm32cubeide_1.7.0/stm32cubeide/plugins/com.st.stm32cube.ide.mcu.externaltools.gnu-tools-for-stm32.9-2020-q2-update.win32_2.0.0.202105311346/tools/bin/../lib/gcc/arm-none-eabi/9.3.1/thumb/v7-m/nofp/crtbegin.o

.rodata         0x00000000080035c8       0x24
                0x00000000080035c8                . = ALIGN (0x4)
 *(.rodata)
 *(.rodata*)
 .rodata.AHBPrescTable
                0x00000000080035c8       0x10 ./Core/Src/system_stm32f1xx.o
                0x00000000080035c8                AHBPrescTable
 .rodata.aPLLMULFactorTable.6032
                0x00000000080035d8       0x10 ./Drivers/STM32F1xx_HAL_Driver/Src/stm32f1xx_hal_rcc.o
 .rodata.aPredivFactorTable.6033
                0x00000000080035e8        0x2 ./Drivers/STM32F1xx_HAL_Driver/Src/stm32f1xx_hal_rcc.o
                0x00000000080035ec                . = ALIGN (0x4)
 *fill*         0x00000000080035ea        0x2 

.rel.dyn        0x00000000080035ec        0x0
 .rel.iplt      0x00000000080035ec        0x0 d:/stm32 1.7/stm32cubeide_1.7.0/stm32cubeide/plugins/com.st.stm32cube.ide.mcu.externaltools.gnu-tools-for-stm32.9-2020-q2-update.win32_2.0.0.202105311346/tools/bin/../lib/gcc/arm-none-eabi/9.3.1/thumb/v7-m/nofp/crtbegin.o

.ARM.extab      0x00000000080035ec        0x0
                0x00000000080035ec                . = ALIGN (0x4)
 *(.ARM.extab* .gnu.linkonce.armextab.*)
                0x00000000080035ec                . = ALIGN (0x4)

.ARM            0x00000000080035ec        0x0
                0x00000000080035ec                . = ALIGN (0x4)
                0x00000000080035ec                __exidx_start = .
 *(.ARM.exidx*)
                0x00000000080035ec                __exidx_end = .
                0x00000000080035ec                . = ALIGN (0x4)

.preinit_array  0x00000000080035ec        0x0
                0x00000000080035ec                . = ALIGN (0x4)
                0x00000000080035ec                PROVIDE (__preinit_array_start = .)
 *(.preinit_array*)
                0x00000000080035ec                PROVIDE (__preinit_array_end = .)
                0x00000000080035ec                . = ALIGN (0x4)

.init_array     0x00000000080035ec        0x4
                0x00000000080035ec                . = ALIGN (0x4)
                0x00000000080035ec                PROVIDE (__init_array_start = .)
 *(SORT_BY_NAME(.init_array.*))
 *(.init_array*)
 .init_array    0x00000000080035ec        0x4 d:/stm32 1.7/stm32cubeide_1.7.0/stm32cubeide/plugins/com.st.stm32cube.ide.mcu.externaltools.gnu-tools-for-stm32.9-2020-q2-update.win32_2.0.0.202105311346/tools/bin/../lib/gcc/arm-none-eabi/9.3.1/thumb/v7-m/nofp/crtbegin.o
                0x00000000080035f0                PROVIDE (__init_array_end = .)
                0x00000000080035f0                . = ALIGN (0x4)

.fini_array     0x00000000080035f0        0x4
                0x00000000080035f0                . = ALIGN (0x4)
                [!provide]                        PROVIDE (__fini_array_start = .)
 *(SORT_BY_NAME(.fini_array.*))
 *(.fini_array*)
 .fini_array    0x00000000080035f0        0x4 d:/stm32 1.7/stm32cubeide_1.7.0/stm32cubeide/plugins/com.st.stm32cube.ide.mcu.externaltools.gnu-tools-for-stm32.9-2020-q2-update.win32_2.0.0.202105311346/tools/bin/../lib/gcc/arm-none-eabi/9.3.1/thumb/v7-m/nofp/crtbegin.o
                [!provide]                        PROVIDE (__fini_array_end = .)
                0x00000000080035f4                . = ALIGN (0x4)
                0x00000000080035f4                _sidata = LOADADDR (.data)

.data           0x0000000020000000       0xa0 load address 0x00000000080035f4
                0x0000000020000000                . = ALIGN (0x4)
                0x0000000020000000                _sdata = .
 *(.data)
 *(.data*)
 .data.button0  0x0000000020000000       0x24 ./Core/Src/button.o
                0x0000000020000000                button0
 .data.button1  0x0000000020000024       0x24 ./Core/Src/button.o
                0x0000000020000024                button1
 .data.button2  0x0000000020000048       0x24 ./Core/Src/button.o
                0x0000000020000048                button2
 .data.led_7seg_buffer
                0x000000002000006c       0x10 ./Core/Src/common.o
                0x000000002000006c                led_7seg_buffer
 .data.red_time
                0x000000002000007c        0x4 ./Core/Src/common.o
                0x000000002000007c                red_time
 .data.yel_time
                0x0000000020000080        0x4 ./Core/Src/common.o
                0x0000000020000080                yel_time
 .data.grn_time
                0x0000000020000084        0x4 ./Core/Src/common.o
                0x0000000020000084                grn_time
 .data.red_temp_time
                0x0000000020000088        0x4 ./Core/Src/common.o
                0x0000000020000088                red_temp_time
 .data.yel_temp_time
                0x000000002000008c        0x4 ./Core/Src/common.o
                0x000000002000008c                yel_temp_time
 .data.grn_temp_time
                0x0000000020000090        0x4 ./Core/Src/common.o
                0x0000000020000090                grn_temp_time
 .data.SystemCoreClock
                0x0000000020000094        0x4 ./Core/Src/system_stm32f1xx.o
                0x0000000020000094                SystemCoreClock
 .data.uwTickPrio
                0x0000000020000098        0x4 ./Drivers/STM32F1xx_HAL_Driver/Src/stm32f1xx_hal.o
                0x0000000020000098                uwTickPrio
 .data.uwTickFreq
                0x000000002000009c        0x1 ./Drivers/STM32F1xx_HAL_Driver/Src/stm32f1xx_hal.o
                0x000000002000009c                uwTickFreq
 *(.RamFunc)
 *(.RamFunc*)
                0x00000000200000a0                . = ALIGN (0x4)
 *fill*         0x000000002000009d        0x3 
                0x00000000200000a0                _edata = .

.igot.plt       0x00000000200000a0        0x0 load address 0x0000000008003694
 .igot.plt      0x00000000200000a0        0x0 d:/stm32 1.7/stm32cubeide_1.7.0/stm32cubeide/plugins/com.st.stm32cube.ide.mcu.externaltools.gnu-tools-for-stm32.9-2020-q2-update.win32_2.0.0.202105311346/tools/bin/../lib/gcc/arm-none-eabi/9.3.1/thumb/v7-m/nofp/crtbegin.o
                0x00000000200000a0                . = ALIGN (0x4)

.bss            0x00000000200000a0       0xd8 load address 0x0000000008003694
                0x00000000200000a0                _sbss = .
                0x00000000200000a0                __bss_start__ = _sbss
 *(.bss)
 .bss           0x00000000200000a0       0x1c d:/stm32 1.7/stm32cubeide_1.7.0/stm32cubeide/plugins/com.st.stm32cube.ide.mcu.externaltools.gnu-tools-for-stm32.9-2020-q2-update.win32_2.0.0.202105311346/tools/bin/../lib/gcc/arm-none-eabi/9.3.1/thumb/v7-m/nofp/crtbegin.o
 *(.bss*)
 .bss.led_7seg_index
                0x00000000200000bc        0x4 ./Core/Src/common.o
                0x00000000200000bc                led_7seg_index
 .bss.status_4digits
                0x00000000200000c0       0x10 ./Core/Src/common.o
                0x00000000200000c0                status_4digits
 .bss.counter_way0
                0x00000000200000d0        0x4 ./Core/Src/common.o
                0x00000000200000d0                counter_way0
 .bss.counter_way1
                0x00000000200000d4        0x4 ./Core/Src/common.o
                0x00000000200000d4                counter_way1
 .bss.TRAFFIC_LIGHT_STATE
                0x00000000200000d8        0x1 ./Core/Src/traffic_light.o
                0x00000000200000d8                TRAFFIC_LIGHT_STATE
 *(COMMON)
 *fill*         0x00000000200000d9        0x3 
 COMMON         0x00000000200000dc       0x48 ./Core/Src/main.o
                0x00000000200000dc                htim2
 COMMON         0x0000000020000124       0x50 ./Core/Src/software_timer.o
                0x0000000020000124                timer
 COMMON         0x0000000020000174        0x4 ./Drivers/STM32F1xx_HAL_Driver/Src/stm32f1xx_hal.o
                0x0000000020000174                uwTick
                0x0000000020000178                . = ALIGN (0x4)
                0x0000000020000178                _ebss = .
                0x0000000020000178                __bss_end__ = _ebss

._user_heap_stack
                0x0000000020000178      0x600 load address 0x0000000008003694
                0x0000000020000178                . = ALIGN (0x8)
                [!provide]                        PROVIDE (end = .)
                0x0000000020000178                PROVIDE (_end = .)
                0x0000000020000378                . = (. + _Min_Heap_Size)
 *fill*         0x0000000020000178      0x200 
                0x0000000020000778                . = (. + _Min_Stack_Size)
 *fill*         0x0000000020000378      0x400 
                0x0000000020000778                . = ALIGN (0x8)

/DISCARD/
 libc.a(*)
 libm.a(*)
 libgcc.a(*)

.ARM.attributes
                0x0000000000000000       0x29
 *(.ARM.attributes)
 .ARM.attributes
                0x0000000000000000       0x1d d:/stm32 1.7/stm32cubeide_1.7.0/stm32cubeide/plugins/com.st.stm32cube.ide.mcu.externaltools.gnu-tools-for-stm32.9-2020-q2-update.win32_2.0.0.202105311346/tools/bin/../lib/gcc/arm-none-eabi/9.3.1/thumb/v7-m/nofp/crti.o
 .ARM.attributes
                0x000000000000001d       0x2d d:/stm32 1.7/stm32cubeide_1.7.0/stm32cubeide/plugins/com.st.stm32cube.ide.mcu.externaltools.gnu-tools-for-stm32.9-2020-q2-update.win32_2.0.0.202105311346/tools/bin/../lib/gcc/arm-none-eabi/9.3.1/thumb/v7-m/nofp/crtbegin.o
 .ARM.attributes
                0x000000000000004a       0x2d ./Core/Src/button.o
 .ARM.attributes
                0x0000000000000077       0x33 ./Core/Src/common.o
 .ARM.attributes
                0x00000000000000aa       0x2d ./Core/Src/led_7_segment.o
 .ARM.attributes
                0x00000000000000d7       0x2d ./Core/Src/main.o
 .ARM.attributes
                0x0000000000000104       0x2d ./Core/Src/software_timer.o
 .ARM.attributes
                0x0000000000000131       0x2d ./Core/Src/stm32f1xx_hal_msp.o
 .ARM.attributes
                0x000000000000015e       0x2d ./Core/Src/stm32f1xx_it.o
 .ARM.attributes
                0x000000000000018b       0x2d ./Core/Src/system_stm32f1xx.o
 .ARM.attributes
                0x00000000000001b8       0x2d ./Core/Src/traffic_light.o
 .ARM.attributes
                0x00000000000001e5       0x21 ./Core/Startup/startup_stm32f103c6ux.o
 .ARM.attributes
                0x0000000000000206       0x2d ./Drivers/STM32F1xx_HAL_Driver/Src/stm32f1xx_hal.o
 .ARM.attributes
                0x0000000000000233       0x2d ./Drivers/STM32F1xx_HAL_Driver/Src/stm32f1xx_hal_cortex.o
 .ARM.attributes
                0x0000000000000260       0x2d ./Drivers/STM32F1xx_HAL_Driver/Src/stm32f1xx_hal_gpio.o
 .ARM.attributes
                0x000000000000028d       0x2d ./Drivers/STM32F1xx_HAL_Driver/Src/stm32f1xx_hal_rcc.o
 .ARM.attributes
                0x00000000000002ba       0x2d ./Drivers/STM32F1xx_HAL_Driver/Src/stm32f1xx_hal_tim.o
 .ARM.attributes
                0x00000000000002e7       0x2d ./Drivers/STM32F1xx_HAL_Driver/Src/stm32f1xx_hal_tim_ex.o
 .ARM.attributes
                0x0000000000000314       0x2d d:/stm32 1.7/stm32cubeide_1.7.0/stm32cubeide/plugins/com.st.stm32cube.ide.mcu.externaltools.gnu-tools-for-stm32.9-2020-q2-update.win32_2.0.0.202105311346/tools/bin/../lib/gcc/arm-none-eabi/9.3.1/../../../../arm-none-eabi/lib/thumb/v7-m/nofp\libc_nano.a(lib_a-init.o)
 .ARM.attributes
                0x0000000000000341       0x2d d:/stm32 1.7/stm32cubeide_1.7.0/stm32cubeide/plugins/com.st.stm32cube.ide.mcu.externaltools.gnu-tools-for-stm32.9-2020-q2-update.win32_2.0.0.202105311346/tools/bin/../lib/gcc/arm-none-eabi/9.3.1/../../../../arm-none-eabi/lib/thumb/v7-m/nofp\libc_nano.a(lib_a-memset.o)
 .ARM.attributes
                0x000000000000036e       0x1d d:/stm32 1.7/stm32cubeide_1.7.0/stm32cubeide/plugins/com.st.stm32cube.ide.mcu.externaltools.gnu-tools-for-stm32.9-2020-q2-update.win32_2.0.0.202105311346/tools/bin/../lib/gcc/arm-none-eabi/9.3.1/thumb/v7-m/nofp/crtn.o
OUTPUT(main.elf elf32-littlearm)
LOAD linker stubs
LOAD d:/stm32 1.7/stm32cubeide_1.7.0/stm32cubeide/plugins/com.st.stm32cube.ide.mcu.externaltools.gnu-tools-for-stm32.9-2020-q2-update.win32_2.0.0.202105311346/tools/bin/../lib/gcc/arm-none-eabi/9.3.1/../../../../arm-none-eabi/lib/thumb/v7-m/nofp\libc.a
LOAD d:/stm32 1.7/stm32cubeide_1.7.0/stm32cubeide/plugins/com.st.stm32cube.ide.mcu.externaltools.gnu-tools-for-stm32.9-2020-q2-update.win32_2.0.0.202105311346/tools/bin/../lib/gcc/arm-none-eabi/9.3.1/../../../../arm-none-eabi/lib/thumb/v7-m/nofp\libm.a
LOAD d:/stm32 1.7/stm32cubeide_1.7.0/stm32cubeide/plugins/com.st.stm32cube.ide.mcu.externaltools.gnu-tools-for-stm32.9-2020-q2-update.win32_2.0.0.202105311346/tools/bin/../lib/gcc/arm-none-eabi/9.3.1/thumb/v7-m/nofp\libgcc.a

.debug_info     0x0000000000000000     0x9913
 .debug_info    0x0000000000000000      0x3f8 ./Core/Src/button.o
 .debug_info    0x00000000000003f8      0x2a6 ./Core/Src/common.o
 .debug_info    0x000000000000069e      0x36f ./Core/Src/led_7_segment.o
 .debug_info    0x0000000000000a0d      0xcf4 ./Core/Src/main.o
 .debug_info    0x0000000000001701      0x25b ./Core/Src/software_timer.o
 .debug_info    0x000000000000195c      0xa09 ./Core/Src/stm32f1xx_hal_msp.o
 .debug_info    0x0000000000002365      0x7b9 ./Core/Src/stm32f1xx_it.o
 .debug_info    0x0000000000002b1e      0x2be ./Core/Src/system_stm32f1xx.o
 .debug_info    0x0000000000002ddc      0x6c6 ./Core/Src/traffic_light.o
 .debug_info    0x00000000000034a2       0x22 ./Core/Startup/startup_stm32f103c6ux.o
 .debug_info    0x00000000000034c4      0x74c ./Drivers/STM32F1xx_HAL_Driver/Src/stm32f1xx_hal.o
 .debug_info    0x0000000000003c10      0xbbe ./Drivers/STM32F1xx_HAL_Driver/Src/stm32f1xx_hal_cortex.o
 .debug_info    0x00000000000047ce      0x701 ./Drivers/STM32F1xx_HAL_Driver/Src/stm32f1xx_hal_gpio.o
 .debug_info    0x0000000000004ecf      0x893 ./Drivers/STM32F1xx_HAL_Driver/Src/stm32f1xx_hal_rcc.o
 .debug_info    0x0000000000005762     0x2c32 ./Drivers/STM32F1xx_HAL_Driver/Src/stm32f1xx_hal_tim.o
 .debug_info    0x0000000000008394     0x157f ./Drivers/STM32F1xx_HAL_Driver/Src/stm32f1xx_hal_tim_ex.o

.debug_abbrev   0x0000000000000000     0x1b46
 .debug_abbrev  0x0000000000000000      0x18e ./Core/Src/button.o
 .debug_abbrev  0x000000000000018e       0xa9 ./Core/Src/common.o
 .debug_abbrev  0x0000000000000237      0x14c ./Core/Src/led_7_segment.o
 .debug_abbrev  0x0000000000000383      0x248 ./Core/Src/main.o
 .debug_abbrev  0x00000000000005cb      0x15d ./Core/Src/software_timer.o
 .debug_abbrev  0x0000000000000728      0x1b7 ./Core/Src/stm32f1xx_hal_msp.o
 .debug_abbrev  0x00000000000008df      0x176 ./Core/Src/stm32f1xx_it.o
 .debug_abbrev  0x0000000000000a55      0x14e ./Core/Src/system_stm32f1xx.o
 .debug_abbrev  0x0000000000000ba3      0x172 ./Core/Src/traffic_light.o
 .debug_abbrev  0x0000000000000d15       0x12 ./Core/Startup/startup_stm32f103c6ux.o
 .debug_abbrev  0x0000000000000d27      0x1ed ./Drivers/STM32F1xx_HAL_Driver/Src/stm32f1xx_hal.o
 .debug_abbrev  0x0000000000000f14      0x313 ./Drivers/STM32F1xx_HAL_Driver/Src/stm32f1xx_hal_cortex.o
 .debug_abbrev  0x0000000000001227      0x1e8 ./Drivers/STM32F1xx_HAL_Driver/Src/stm32f1xx_hal_gpio.o
 .debug_abbrev  0x000000000000140f      0x273 ./Drivers/STM32F1xx_HAL_Driver/Src/stm32f1xx_hal_rcc.o
 .debug_abbrev  0x0000000000001682      0x25e ./Drivers/STM32F1xx_HAL_Driver/Src/stm32f1xx_hal_tim.o
 .debug_abbrev  0x00000000000018e0      0x266 ./Drivers/STM32F1xx_HAL_Driver/Src/stm32f1xx_hal_tim_ex.o

.debug_aranges  0x0000000000000000      0xb48
 .debug_aranges
                0x0000000000000000       0x38 ./Core/Src/button.o
 .debug_aranges
                0x0000000000000038       0x18 ./Core/Src/common.o
 .debug_aranges
                0x0000000000000050       0x50 ./Core/Src/led_7_segment.o
 .debug_aranges
                0x00000000000000a0       0x48 ./Core/Src/main.o
 .debug_aranges
                0x00000000000000e8       0x30 ./Core/Src/software_timer.o
 .debug_aranges
                0x0000000000000118       0x30 ./Core/Src/stm32f1xx_hal_msp.o
 .debug_aranges
                0x0000000000000148       0x68 ./Core/Src/stm32f1xx_it.o
 .debug_aranges
                0x00000000000001b0       0x28 ./Core/Src/system_stm32f1xx.o
 .debug_aranges
                0x00000000000001d8      0x148 ./Core/Src/traffic_light.o
 .debug_aranges
                0x0000000000000320       0x28 ./Core/Startup/startup_stm32f103c6ux.o
 .debug_aranges
                0x0000000000000348       0xe0 ./Drivers/STM32F1xx_HAL_Driver/Src/stm32f1xx_hal.o
 .debug_aranges
                0x0000000000000428      0x100 ./Drivers/STM32F1xx_HAL_Driver/Src/stm32f1xx_hal_cortex.o
 .debug_aranges
                0x0000000000000528       0x58 ./Drivers/STM32F1xx_HAL_Driver/Src/stm32f1xx_hal_gpio.o
 .debug_aranges
                0x0000000000000580       0x90 ./Drivers/STM32F1xx_HAL_Driver/Src/stm32f1xx_hal_rcc.o
 .debug_aranges
                0x0000000000000610      0x3d0 ./Drivers/STM32F1xx_HAL_Driver/Src/stm32f1xx_hal_tim.o
 .debug_aranges
                0x00000000000009e0      0x168 ./Drivers/STM32F1xx_HAL_Driver/Src/stm32f1xx_hal_tim_ex.o

.debug_ranges   0x0000000000000000      0xa48
 .debug_ranges  0x0000000000000000       0x28 ./Core/Src/button.o
 .debug_ranges  0x0000000000000028       0x40 ./Core/Src/led_7_segment.o
 .debug_ranges  0x0000000000000068       0x38 ./Core/Src/main.o
 .debug_ranges  0x00000000000000a0       0x20 ./Core/Src/software_timer.o
 .debug_ranges  0x00000000000000c0       0x20 ./Core/Src/stm32f1xx_hal_msp.o
 .debug_ranges  0x00000000000000e0       0x58 ./Core/Src/stm32f1xx_it.o
 .debug_ranges  0x0000000000000138       0x18 ./Core/Src/system_stm32f1xx.o
 .debug_ranges  0x0000000000000150      0x138 ./Core/Src/traffic_light.o
 .debug_ranges  0x0000000000000288       0x20 ./Core/Startup/startup_stm32f103c6ux.o
 .debug_ranges  0x00000000000002a8       0xd0 ./Drivers/STM32F1xx_HAL_Driver/Src/stm32f1xx_hal.o
 .debug_ranges  0x0000000000000378       0xf0 ./Drivers/STM32F1xx_HAL_Driver/Src/stm32f1xx_hal_cortex.o
 .debug_ranges  0x0000000000000468       0x48 ./Drivers/STM32F1xx_HAL_Driver/Src/stm32f1xx_hal_gpio.o
 .debug_ranges  0x00000000000004b0       0x80 ./Drivers/STM32F1xx_HAL_Driver/Src/stm32f1xx_hal_rcc.o
 .debug_ranges  0x0000000000000530      0x3c0 ./Drivers/STM32F1xx_HAL_Driver/Src/stm32f1xx_hal_tim.o
 .debug_ranges  0x00000000000008f0      0x158 ./Drivers/STM32F1xx_HAL_Driver/Src/stm32f1xx_hal_tim_ex.o

.debug_macro    0x0000000000000000    0x16d29
 .debug_macro   0x0000000000000000      0x1b9 ./Core/Src/button.o
 .debug_macro   0x00000000000001b9      0xa9c ./Core/Src/button.o
 .debug_macro   0x0000000000000c55      0x215 ./Core/Src/button.o
 .debug_macro   0x0000000000000e6a       0x2e ./Core/Src/button.o
 .debug_macro   0x0000000000000e98       0x22 ./Core/Src/button.o
 .debug_macro   0x0000000000000eba       0x22 ./Core/Src/button.o
 .debug_macro   0x0000000000000edc       0x8e ./Core/Src/button.o
 .debug_macro   0x0000000000000f6a       0x51 ./Core/Src/button.o
 .debug_macro   0x0000000000000fbb      0x103 ./Core/Src/button.o
 .debug_macro   0x00000000000010be       0x6a ./Core/Src/button.o
 .debug_macro   0x0000000000001128      0x1df ./Core/Src/button.o
 .debug_macro   0x0000000000001307       0x1c ./Core/Src/button.o
 .debug_macro   0x0000000000001323       0x22 ./Core/Src/button.o
 .debug_macro   0x0000000000001345       0xc3 ./Core/Src/button.o
 .debug_macro   0x0000000000001408      0xd23 ./Core/Src/button.o
 .debug_macro   0x000000000000212b     0xde75 ./Core/Src/button.o
 .debug_macro   0x000000000000ffa0       0x6d ./Core/Src/button.o
 .debug_macro   0x000000000001000d     0x34a2 ./Core/Src/button.o
 .debug_macro   0x00000000000134af      0x174 ./Core/Src/button.o
 .debug_macro   0x0000000000013623       0x5c ./Core/Src/button.o
 .debug_macro   0x000000000001367f      0x5bc ./Core/Src/button.o
 .debug_macro   0x0000000000013c3b      0x1b7 ./Core/Src/button.o
 .debug_macro   0x0000000000013df2      0x1cb ./Core/Src/button.o
 .debug_macro   0x0000000000013fbd      0x114 ./Core/Src/button.o
 .debug_macro   0x00000000000140d1      0x1b2 ./Core/Src/button.o
 .debug_macro   0x0000000000014283       0x27 ./Core/Src/button.o
 .debug_macro   0x00000000000142aa      0x12f ./Core/Src/button.o
 .debug_macro   0x00000000000143d9      0x1bc ./Core/Src/button.o
 .debug_macro   0x0000000000014595       0x34 ./Core/Src/button.o
 .debug_macro   0x00000000000145c9       0x3c ./Core/Src/button.o
 .debug_macro   0x0000000000014605       0x57 ./Core/Src/button.o
 .debug_macro   0x000000000001465c       0x87 ./Core/Src/button.o
 .debug_macro   0x00000000000146e3      0x183 ./Core/Src/button.o
 .debug_macro   0x0000000000014866      0x140 ./Core/Src/button.o
 .debug_macro   0x00000000000149a6      0x8ed ./Core/Src/button.o
 .debug_macro   0x0000000000015293       0x69 ./Core/Src/button.o
 .debug_macro   0x00000000000152fc      0x10c ./Core/Src/button.o
 .debug_macro   0x0000000000015408       0x9a ./Core/Src/button.o
 .debug_macro   0x00000000000154a2      0x1b5 ./Core/Src/common.o
 .debug_macro   0x0000000000015657       0x94 ./Core/Src/common.o
 .debug_macro   0x00000000000156eb      0x1b9 ./Core/Src/led_7_segment.o
 .debug_macro   0x00000000000158a4      0x1df ./Core/Src/main.o
 .debug_macro   0x0000000000015a83      0x1b6 ./Core/Src/software_timer.o
 .debug_macro   0x0000000000015c39      0x1a6 ./Core/Src/stm32f1xx_hal_msp.o
 .debug_macro   0x0000000000015ddf      0x1b0 ./Core/Src/stm32f1xx_it.o
 .debug_macro   0x0000000000015f8f      0x197 ./Core/Src/system_stm32f1xx.o
 .debug_macro   0x0000000000016126      0x1d7 ./Core/Src/traffic_light.o
 .debug_macro   0x00000000000162fd      0x1bb ./Drivers/STM32F1xx_HAL_Driver/Src/stm32f1xx_hal.o
 .debug_macro   0x00000000000164b8      0x197 ./Drivers/STM32F1xx_HAL_Driver/Src/stm32f1xx_hal_cortex.o
 .debug_macro   0x000000000001664f      0x202 ./Drivers/STM32F1xx_HAL_Driver/Src/stm32f1xx_hal_gpio.o
 .debug_macro   0x0000000000016851      0x1a9 ./Drivers/STM32F1xx_HAL_Driver/Src/stm32f1xx_hal_rcc.o
 .debug_macro   0x00000000000169fa      0x198 ./Drivers/STM32F1xx_HAL_Driver/Src/stm32f1xx_hal_tim.o
 .debug_macro   0x0000000000016b92      0x197 ./Drivers/STM32F1xx_HAL_Driver/Src/stm32f1xx_hal_tim_ex.o

.debug_line     0x0000000000000000     0xc08f
 .debug_line    0x0000000000000000      0x754 ./Core/Src/button.o
 .debug_line    0x0000000000000754      0x669 ./Core/Src/common.o
 .debug_line    0x0000000000000dbd      0x800 ./Core/Src/led_7_segment.o
 .debug_line    0x00000000000015bd      0x7fe ./Core/Src/main.o
 .debug_line    0x0000000000001dbb      0x6f4 ./Core/Src/software_timer.o
 .debug_line    0x00000000000024af      0x6bd ./Core/Src/stm32f1xx_hal_msp.o
 .debug_line    0x0000000000002b6c      0x75b ./Core/Src/stm32f1xx_it.o
 .debug_line    0x00000000000032c7      0x6ff ./Core/Src/system_stm32f1xx.o
 .debug_line    0x00000000000039c6      0xf5d ./Core/Src/traffic_light.o
 .debug_line    0x0000000000004923       0x86 ./Core/Startup/startup_stm32f103c6ux.o
 .debug_line    0x00000000000049a9      0x92c ./Drivers/STM32F1xx_HAL_Driver/Src/stm32f1xx_hal.o
 .debug_line    0x00000000000052d5      0xb14 ./Drivers/STM32F1xx_HAL_Driver/Src/stm32f1xx_hal_cortex.o
 .debug_line    0x0000000000005de9      0x9af ./Drivers/STM32F1xx_HAL_Driver/Src/stm32f1xx_hal_gpio.o
 .debug_line    0x0000000000006798      0xd38 ./Drivers/STM32F1xx_HAL_Driver/Src/stm32f1xx_hal_rcc.o
 .debug_line    0x00000000000074d0     0x337d ./Drivers/STM32F1xx_HAL_Driver/Src/stm32f1xx_hal_tim.o
 .debug_line    0x000000000000a84d     0x1842 ./Drivers/STM32F1xx_HAL_Driver/Src/stm32f1xx_hal_tim_ex.o

.debug_str      0x0000000000000000    0x827cc
 .debug_str     0x0000000000000000    0x7fa74 ./Core/Src/button.o
                                      0x7fdbb (size before relaxing)
 .debug_str     0x000000000007fa74       0x15 ./Core/Src/common.o
                                      0x7fce2 (size before relaxing)
 .debug_str     0x000000000007fa89       0xa2 ./Core/Src/led_7_segment.o
                                      0x7fda0 (size before relaxing)
 .debug_str     0x000000000007fb2b      0x742 ./Core/Src/main.o
                                      0x80570 (size before relaxing)
 .debug_str     0x000000000008026d       0x3d ./Core/Src/software_timer.o
                                      0x7fb34 (size before relaxing)
 .debug_str     0x00000000000802aa      0x2ba ./Core/Src/stm32f1xx_hal_msp.o
                                      0x802e6 (size before relaxing)
 .debug_str     0x0000000000080564       0xcd ./Core/Src/stm32f1xx_it.o
                                      0x80048 (size before relaxing)
 .debug_str     0x0000000000080631       0x52 ./Core/Src/system_stm32f1xx.o
                                      0x7f76a (size before relaxing)
 .debug_str     0x0000000000080683      0x2d0 ./Core/Src/traffic_light.o
                                      0x80179 (size before relaxing)
 .debug_str     0x0000000000080953       0x36 ./Core/Startup/startup_stm32f103c6ux.o
                                         0x5e (size before relaxing)
 .debug_str     0x0000000000080989      0x304 ./Drivers/STM32F1xx_HAL_Driver/Src/stm32f1xx_hal.o
                                      0x7fdc1 (size before relaxing)
 .debug_str     0x0000000000080c8d      0x300 ./Drivers/STM32F1xx_HAL_Driver/Src/stm32f1xx_hal_cortex.o
                                      0x7fdc9 (size before relaxing)
 .debug_str     0x0000000000080f8d      0x324 ./Drivers/STM32F1xx_HAL_Driver/Src/stm32f1xx_hal_gpio.o
                                      0x7fb2e (size before relaxing)
 .debug_str     0x00000000000812b1      0x24f ./Drivers/STM32F1xx_HAL_Driver/Src/stm32f1xx_hal_rcc.o
                                      0x7fb67 (size before relaxing)
 .debug_str     0x0000000000081500      0xdde ./Drivers/STM32F1xx_HAL_Driver/Src/stm32f1xx_hal_tim.o
                                      0x80b50 (size before relaxing)
 .debug_str     0x00000000000822de      0x4ee ./Drivers/STM32F1xx_HAL_Driver/Src/stm32f1xx_hal_tim_ex.o
                                      0x802f1 (size before relaxing)

.comment        0x0000000000000000       0x53
 .comment       0x0000000000000000       0x53 ./Core/Src/button.o
                                         0x54 (size before relaxing)
 .comment       0x0000000000000053       0x54 ./Core/Src/common.o
 .comment       0x0000000000000053       0x54 ./Core/Src/led_7_segment.o
 .comment       0x0000000000000053       0x54 ./Core/Src/main.o
 .comment       0x0000000000000053       0x54 ./Core/Src/software_timer.o
 .comment       0x0000000000000053       0x54 ./Core/Src/stm32f1xx_hal_msp.o
 .comment       0x0000000000000053       0x54 ./Core/Src/stm32f1xx_it.o
 .comment       0x0000000000000053       0x54 ./Core/Src/system_stm32f1xx.o
 .comment       0x0000000000000053       0x54 ./Core/Src/traffic_light.o
 .comment       0x0000000000000053       0x54 ./Drivers/STM32F1xx_HAL_Driver/Src/stm32f1xx_hal.o
 .comment       0x0000000000000053       0x54 ./Drivers/STM32F1xx_HAL_Driver/Src/stm32f1xx_hal_cortex.o
 .comment       0x0000000000000053       0x54 ./Drivers/STM32F1xx_HAL_Driver/Src/stm32f1xx_hal_gpio.o
 .comment       0x0000000000000053       0x54 ./Drivers/STM32F1xx_HAL_Driver/Src/stm32f1xx_hal_rcc.o
 .comment       0x0000000000000053       0x54 ./Drivers/STM32F1xx_HAL_Driver/Src/stm32f1xx_hal_tim.o
 .comment       0x0000000000000053       0x54 ./Drivers/STM32F1xx_HAL_Driver/Src/stm32f1xx_hal_tim_ex.o

.debug_frame    0x0000000000000000     0x2c28
 .debug_frame   0x0000000000000000       0xac ./Core/Src/button.o
 .debug_frame   0x00000000000000ac       0xf8 ./Core/Src/led_7_segment.o
 .debug_frame   0x00000000000001a4       0xd4 ./Core/Src/main.o
 .debug_frame   0x0000000000000278       0x88 ./Core/Src/software_timer.o
 .debug_frame   0x0000000000000300       0x80 ./Core/Src/stm32f1xx_hal_msp.o
 .debug_frame   0x0000000000000380      0x120 ./Core/Src/stm32f1xx_it.o
 .debug_frame   0x00000000000004a0       0x58 ./Core/Src/system_stm32f1xx.o
 .debug_frame   0x00000000000004f8      0x438 ./Core/Src/traffic_light.o
 .debug_frame   0x0000000000000930      0x334 ./Drivers/STM32F1xx_HAL_Driver/Src/stm32f1xx_hal.o
 .debug_frame   0x0000000000000c64      0x428 ./Drivers/STM32F1xx_HAL_Driver/Src/stm32f1xx_hal_cortex.o
 .debug_frame   0x000000000000108c      0x14c ./Drivers/STM32F1xx_HAL_Driver/Src/stm32f1xx_hal_gpio.o
 .debug_frame   0x00000000000011d8      0x218 ./Drivers/STM32F1xx_HAL_Driver/Src/stm32f1xx_hal_rcc.o
 .debug_frame   0x00000000000013f0     0x11b4 ./Drivers/STM32F1xx_HAL_Driver/Src/stm32f1xx_hal_tim.o
 .debug_frame   0x00000000000025a4      0x638 ./Drivers/STM32F1xx_HAL_Driver/Src/stm32f1xx_hal_tim_ex.o
 .debug_frame   0x0000000000002bdc       0x2c d:/stm32 1.7/stm32cubeide_1.7.0/stm32cubeide/plugins/com.st.stm32cube.ide.mcu.externaltools.gnu-tools-for-stm32.9-2020-q2-update.win32_2.0.0.202105311346/tools/bin/../lib/gcc/arm-none-eabi/9.3.1/../../../../arm-none-eabi/lib/thumb/v7-m/nofp\libc_nano.a(lib_a-init.o)
 .debug_frame   0x0000000000002c08       0x20 d:/stm32 1.7/stm32cubeide_1.7.0/stm32cubeide/plugins/com.st.stm32cube.ide.mcu.externaltools.gnu-tools-for-stm32.9-2020-q2-update.win32_2.0.0.202105311346/tools/bin/../lib/gcc/arm-none-eabi/9.3.1/../../../../arm-none-eabi/lib/thumb/v7-m/nofp\libc_nano.a(lib_a-memset.o)
